Internal ctest changing into directory: /Users/hashfunction/workspace/project_app_factory/microsoft-store/apps/inkquay/source/build
Test project /Users/hashfunction/workspace/project_app_factory/microsoft-store/apps/inkquay/source/build
  Test   #1: ActionDatabaseTest.testActionTargetMatch
  Test   #2: InkQuayBackgroundTest.OriginalLayoutsRenderDistinctNonemptyVectorPatterns
  Test   #3: ControlLoadHandler.testLoad
  Test   #4: ControlLoadHandler.testLoadZipped
  Test   #5: ControlLoadHandler.testLoadUnzipped
  Test   #6: ControlLoadHandler.testPages
  Test   #7: ControlLoadHandler.testPagesZipped
  Test   #8: ControlLoadHandler.testPageType
  Test   #9: ControlLoadHandler.testPageTypeZipped
  Test  #10: ControlLoadHandler.testPageTypeFormatCopyFix
  Test  #11: ControlLoadHandler.testLayer
  Test  #12: ControlLoadHandler.testLayerZipped
  Test  #13: ControlLoadHandler.testText
  Test  #14: ControlLoadHandler.testTextZipped
  Test  #15: ControlLoadHandler.testImageZipped
  Test  #16: ControlLoadHandler.imageLoadJpeg
  Test  #17: ControlLoadHandler.imageSaveJpegBackwardCompat
  Test  #18: ControlLoadHandler.linebreaksLatex
  Test  #19: ControlLoadHandler.testLoadStoreLoadDefault
  Test  #20: ControlLoadHandler.testLoadStoreLoadFloatBwCompat
  Test  #21: ControlLoadHandler.testStrokeWidthRecovery
  Test  #22: ControlLoadHandler.testLoadStoreCJK
  Test  #23: ControlLoadHandler.testRelativePath
  Test  #24: Metadata.testRead
  Test  #25: Metadata.testWriteReadCycle
  Test  #26: PageTemplateLibraryTest.RoundTripsUnicodeAndProtectsBuiltins
  Test  #27: PageTemplateLibraryTest.RejectsDuplicatesInvalidTemplatesAndBlankNames
  Test  #28: PageTemplateLibraryTest.FailedLoadLocksMutationsUntilExplicitRecovery
  Test  #29: PageTemplateLibraryTest.DetectsExternalChangesWithoutLosingEitherCollection
  Test  #30: PdfExportVerifierTest.DetectsTruncatedPageSetAndRetainsFaultyOutput
  Test  #31: PdfExportVerifierTest.ChecksRealPdfAndCreatesDistinctReports
  Test  #32: PdfExportVerifierTest.RejectsSourceHardlinkAndAncestorAliasBeforeCallingExporter
  Test  #33: PdfExportVerifierTest.PreservesExistingOutputOnFailureCancellationAndTargetRace
  Test  #34: PdfExportVerifierTest.RejectsEmptyInvalidAndChangedProtectedFiles
  Test  #35: PdfExportVerifierTest.EscapesJsonControlCharactersAndUnicode
  Test  #36: PdfExportVerifierTest.UsesRealDocumentExportBackendAndRangeCounts
  Test  #37: PdfExportVerifierTest.ExistingDestinationRequiresExplicitOverwriteAuthorization
  Test  #38: PdfExportVerifierTest.ChecksQpdfBackgroundAndProgressiveLayerExports
  Test  #39: PdfExportVerifierTest.GuiNewNameMustNotOverwriteFileCreatedBeforeWorkerStarts
  Test  #40: PdfExportVerifierTest.GuiApprovalMustNotAuthorizeReplacementBeforeWorkerStarts
  Test  #41: PdfExportVerifierTest.ConfirmedReplacementPublishesAndReportsRecoverableOriginal
  Test  #42: PdfExportVerifierTest.SameBytesOnAnotherFileDoNotInheritConsent
  Test  #43: PdfExportVerifierTest.InspectionWithoutConfirmationCannotReplace
  Test  #44: PdfExportVerifierTest.CancellationAfterDisplacementRestoresApprovedTarget
  Test  #45: PdfExportVerifierTest.LateOwnerBlocksPublicationAndRollbackWithoutLosingEitherFile
  Test  #46: PdfExportVerifierTest.ConsentCannotOverrideSourceAndBackgroundProtection
  Test  #47: PdfExportVerifierTest.NoReplaceMovePreservesOccupiedRecoveryAndDanglingLink
  Test  #48: SettingsTest.testLoadDoesNotThrowForNonExistingFilePath
  Test  #49: SettingsTest.testReadWrite
  Test  #50: ToolEnumsTest.testToolSizeSerialization
  Test  #51: ToolEnumsTest.testToolTypeSerialization
  Test  #52: ColorPalette.testDefaultWrite
  Test  #53: ColorPalette.testDefaultLoad
  Test  #54: ColorPalette.testRainbowLoad
  Test  #55: ColorPalette.testOverflow
  Test  #56: ColorPalette.testNotExistLoad
  Test  #57: ColorPalette.testEmptyLoad
  Test  #58: ColorPalette.testWrongHeader
  Test  #59: ColorPalette.testAttributesLoad
  Test  #60: ColorPalette.testWrongColor
  Test  #61: DocumentName.testUTF8
  Test  #62: ErasableStroke.testOverlapTree
  Test  #63: ErasableStroke.testGetStrokes
  Test  #64: ErasableStroke.testIntersectWithPaddedBox
  Test  #65: Image.testGetImageApplyOrientation
  Test  #66: LineStyle.testLineStyle
  Test  #67: StrokeStyle.testParseStyle
  Test  #68: StrokeStyle.testFormatStyle
  Test  #69: UtilColor.testColorToRGB
  Test  #70: UtilColor.testColorToRGBAndBack
  Test  #71: UtilElementRange.testParse
  Test  #72: UtilElementRange.testInvalid
  Test  #73: UtilElementRange.testPageCountIsZero
  Test  #74: UtilI18n.testNoPlaceholder
  Test  #75: UtilI18n.testEscape
  Test  #76: UtilI18n.testReplace
  Test  #77: UtilI18n.testMissing
  Test  #78: UtilI18n.testOrder
  Test  #79: UtilI18n.testLatexString
  Test  #80: UtilI18n.test3
  Test  #81: UtilI18n.test16bit
  Test  #82: UtilI18n.test32bit
  Test  #83: UtilI18n.test64bit
  Test  #84: UtilIntervals.testInterval
  Test  #85: UtilIntervals.testUnionOfIntervals
  Test  #86: UtilObjectIOStream.testReadData
  Test  #87: UtilObjectIOStream.testReadImage
  Test  #88: UtilObjectIOStream.testReadString
  Test  #89: UtilObjectIOStream.testReadSizeT
  Test  #90: UtilObjectIOStream.testReadInt
  Test  #91: UtilObjectIOStream.testReadUInt
  Test  #92: UtilObjectIOStream.testReadDouble
  Test  #93: UtilObjectIOStream.testReadComplexObject
  Test  #94: UtilObjectIOStream.testReadStroke
  Test  #95: UtilPath.testUnsupportedUri
  Test  #96: UtilPath.testPathFromUri
  Test  #97: UtilPath.testPathIsChildOf
  Test  #98: UtilPath.testClearExtensions
  Test  #99: UtilPath.normalizeAssetPath
  Test #100: UtilPath.pathGFilenameConvertion
  Test #101: UtilsRAII.testCLibbrairiesSPtr_Constructors
  Test #102: UtilsRAII.testCLibbrairiesSPtr_MoveAssignments
  Test #103: UtilsRAII.testCLibbrairiesSPtr_CopyAssignments
  Test #104: UtilsRAII.testCLibbrairiesSPtr_Reset
  Test #105: UtilsRAII.testGObjectSPtrConstructors
  Test #106: UtilsRAII.testGObjectSPtrReset
  Test #107: UtilRange.testEmptyValid
  Test #108: UtilRange.testUnite
  Test #109: UtilRange.testIntersect
  Test #110: SaveNameUtils.testWildcardExpansion
  Test #111: UtilStringUtils.testStartWith
  Test #112: UtilStringUtils.testSplit
  Test #113: UtilStringUtils.testSplitEmpty
  Test #114: UtilStringUtils.testSplitOne
  Test #115: UtilStringUtils.testEndsWith
  Test #116: UtilStringUtils.testCompare
  Test #117: UtilsVectors.testTinyVector
  Test #118: UtilsVectors.testSmallVectorPushPop
  Test #119: UtilsVectors.testSmallVectorCopyMove
  Test #120: UtilXojPreviewExtractor.testNonExistingFile
  Test #121: UtilXojPreviewExtractor.testExtensionCheck
  Test #122: UtilXojPreviewExtractor.testLoadGzipped
  Test #123: UtilXojPreviewExtractor.testLoadGzipped2
  Test #124: UtilXojPreviewExtractor.testLoad1Unzipped
  Test #125: UtilXojPreviewExtractor.testLoad1Zipped
  Test #126: UtilXojPreviewExtractor.testLoad2Zipped
  Test #127: UtilXojPreviewExtractor.testNoPreview
  Test #128: UtilXojPreviewExtractor.testInvalidFile
  Test #129: PageTemplateDialogTest.ApplyingPresetUpdatesDefaultOnlyAfterOk
  Test #130: PdfDestinationConsentTest.CarriesNewNameAndConfirmedFileSnapshotsToTheWorker
  Test #131: UnrenderedPaletteTabTest.unrenderedPaletteTabShouldYieldNoSelectedPalette
  Test #132: RenderedPaletteTabTest.renderedPaletteTabShouldNotChangeSelectedColorPalette

Total Tests: 132
